-- This file is automatically generated. You should know what you did if you want to edit this
-- !metadata_tables --
public_table
source_table
target_table

-- !metadata_count --
3

-- !metadata_columns --
id

-- !mysql_metadata --

-- !reader --
1
2
3

-- !global_select_metadata --
public_table
source_table
target_table

-- !public --
1
2
3

-- !admin_metadata --
public_table
source_table
target_table

-- !admin --
1
2
3

-- !inserted --
1
2
3
7

-- !overwritten --
8

-- !prepared_insert --
8
9

-- !prepared_overwrite --
8

-- !ctas --
1
2
3

-- !role --
1
2
3

-- !role_ctas --
1
2
3

-- !reconnected --
1
2
3

